TimeQuest Timing Analyzer report for HomeWorkThree
Tue Mar 26 10:57:46 2019
Quartus Prime Version 17.1.0 Build 590 10/25/2017 SJ Standard Edition


---------------------
; Table of Contents ;
---------------------
  1. Legal Notice
  2. TimeQuest Timing Analyzer Summary
  3. Parallel Compilation
  4. Clocks
  5. Slow 1200mV 100C Model Fmax Summary
  6. Timing Closure Recommendations
  7. Slow 1200mV 100C Model Setup Summary
  8. Slow 1200mV 100C Model Hold Summary
  9. Slow 1200mV 100C Model Recovery Summary
 10. Slow 1200mV 100C Model Removal Summary
 11. Slow 1200mV 100C Model Minimum Pulse Width Summary
 12. Slow 1200mV 100C Model Setup: 'clock'
 13. Slow 1200mV 100C Model Setup: 'Asynch_in'
 14. Slow 1200mV 100C Model Hold: 'Asynch_in'
 15. Slow 1200mV 100C Model Hold: 'clock'
 16. Slow 1200mV 100C Model Metastability Summary
 17. Slow 1200mV -40C Model Fmax Summary
 18. Slow 1200mV -40C Model Setup Summary
 19. Slow 1200mV -40C Model Hold Summary
 20. Slow 1200mV -40C Model Recovery Summary
 21. Slow 1200mV -40C Model Removal Summary
 22. Slow 1200mV -40C Model Minimum Pulse Width Summary
 23. Slow 1200mV -40C Model Setup: 'clock'
 24. Slow 1200mV -40C Model Setup: 'Asynch_in'
 25. Slow 1200mV -40C Model Hold: 'Asynch_in'
 26. Slow 1200mV -40C Model Hold: 'clock'
 27. Slow 1200mV -40C Model Metastability Summary
 28. Fast 1200mV -40C Model Setup Summary
 29. Fast 1200mV -40C Model Hold Summary
 30. Fast 1200mV -40C Model Recovery Summary
 31. Fast 1200mV -40C Model Removal Summary
 32. Fast 1200mV -40C Model Minimum Pulse Width Summary
 33. Fast 1200mV -40C Model Setup: 'clock'
 34. Fast 1200mV -40C Model Setup: 'Asynch_in'
 35. Fast 1200mV -40C Model Hold: 'Asynch_in'
 36. Fast 1200mV -40C Model Hold: 'clock'
 37. Fast 1200mV -40C Model Metastability Summary
 38. Multicorner Timing Analysis Summary
 39. Board Trace Model Assignments
 40. Input Transition Times
 41. Signal Integrity Metrics (Slow 1200mv n40c Model)
 42. Signal Integrity Metrics (Slow 1200mv 100c Model)
 43. Signal Integrity Metrics (Fast 1200mv n40c Model)
 44. Setup Transfers
 45. Hold Transfers
 46. Report TCCS
 47. Report RSKM
 48. Unconstrained Paths Summary
 49. Clock Status Summary
 50. Unconstrained Input Ports
 51. Unconstrained Output Ports
 52. Unconstrained Input Ports
 53. Unconstrained Output Ports
 54. TimeQuest Timing Analyzer Messages



----------------
; Legal Notice ;
----------------
Copyright (C) 2017  Intel Corporation. All rights reserved.
Your use of Intel Corporation's design tools, logic functions 
and other software and tools, and its AMPP partner logic 
functions, and any output files from any of the foregoing 
(including device programming or simulation files), and any 
associated documentation or information are expressly subject 
to the terms and conditions of the Intel Program License 
Subscription Agreement, the Intel Quartus Prime License Agreement,
the Intel FPGA IP License Agreement, or other applicable license
agreement, including, without limitation, that your use is for
the sole purpose of programming logic devices manufactured by
Intel and sold by Intel or its authorized distributors.  Please
refer to the applicable agreement for further details.



+---------------------------------------------------------------------------------+
; TimeQuest Timing Analyzer Summary                                               ;
+-----------------------+---------------------------------------------------------+
; Quartus Prime Version ; Version 17.1.0 Build 590 10/25/2017 SJ Standard Edition ;
; Timing Analyzer       ; TimeQuest                                               ;
; Revision Name         ; HomeWorkThree                                           ;
; Device Family         ; Cyclone IV E                                            ;
; Device Name           ; EP4CE55F23I7                                            ;
; Timing Models         ; Final                                                   ;
; Delay Model           ; Combined                                                ;
; Rise/Fall Delays      ; Enabled                                                 ;
+-----------------------+---------------------------------------------------------+


+------------------------------------------+
; Parallel Compilation                     ;
+----------------------------+-------------+
; Processors                 ; Number      ;
+----------------------------+-------------+
; Number detected on machine ; 4           ;
; Maximum allowed            ; 4           ;
;                            ;             ;
; Average used               ; 1.00        ;
; Maximum used               ; 4           ;
;                            ;             ;
; Usage by Processor         ; % Time Used ;
;     Processor 1            ; 100.0%      ;
;     Processor 2            ;   0.1%      ;
;     Processors 3-4         ;   0.1%      ;
+----------------------------+-------------+


+---------------------------------------------------------------------------------------------------------------------------------------------------------------------------------------+
; Clocks                                                                                                                                                                                ;
+------------+------+--------+------------+-------+-------+------------+-----------+-------------+-------+--------+-----------+------------+----------+--------+--------+---------------+
; Clock Name ; Type ; Period ; Frequency  ; Rise  ; Fall  ; Duty Cycle ; Divide by ; Multiply by ; Phase ; Offset ; Edge List ; Edge Shift ; Inverted ; Master ; Source ; Targets       ;
+------------+------+--------+------------+-------+-------+------------+-----------+-------------+-------+--------+-----------+------------+----------+--------+--------+---------------+
; Asynch_in  ; Base ; 1.000  ; 1000.0 MHz ; 0.000 ; 0.500 ;            ;           ;             ;       ;        ;           ;            ;          ;        ;        ; { Asynch_in } ;
; clock      ; Base ; 1.000  ; 1000.0 MHz ; 0.000 ; 0.500 ;            ;           ;             ;       ;        ;           ;            ;          ;        ;        ; { clock }     ;
+------------+------+--------+------------+-------+-------+------------+-----------+-------------+-------+--------+-----------+------------+----------+--------+--------+---------------+


+------------------------------------------------------------------------------------------------------------+
; Slow 1200mV 100C Model Fmax Summary                                                                        ;
+-------------+-----------------+------------+---------------------------------------------------------------+
; Fmax        ; Restricted Fmax ; Clock Name ; Note                                                          ;
+-------------+-----------------+------------+---------------------------------------------------------------+
; 385.65 MHz  ; 250.0 MHz       ; clock      ; limit due to minimum period restriction (max I/O toggle rate) ;
; 1285.35 MHz ; 250.0 MHz       ; Asynch_in  ; limit due to minimum period restriction (max I/O toggle rate) ;
+-------------+-----------------+------------+---------------------------------------------------------------+
This panel reports FMAX for every clock in the design, regardless of the user-specified clock periods.  FMAX is only computed for paths where the source and destination registers or ports are driven by the same clock.  Paths of different clocks, including generated clocks, are ignored.  For paths between a clock and its inversion, FMAX is computed as if the rising and falling edges are scaled along with FMAX, such that the duty cycle (in terms of a percentage) is maintained. Altera recommends that you always use clock constraints and other slack reports for sign-off analysis.


----------------------------------
; Timing Closure Recommendations ;
----------------------------------
HTML report is unavailable in plain text report export.


+--------------------------------------+
; Slow 1200mV 100C Model Setup Summary ;
+-----------+--------+-----------------+
; Clock     ; Slack  ; End Point TNS   ;
+-----------+--------+-----------------+
; clock     ; -1.593 ; -1.593          ;
; Asynch_in ; -0.909 ; -0.909          ;
+-----------+--------+-----------------+


+-------------------------------------+
; Slow 1200mV 100C Model Hold Summary ;
+-----------+--------+----------------+
; Clock     ; Slack  ; End Point TNS  ;
+-----------+--------+----------------+
; Asynch_in ; -0.018 ; -0.018         ;
; clock     ; 0.436  ; 0.000          ;
+-----------+--------+----------------+


-------------------------------------------
; Slow 1200mV 100C Model Recovery Summary ;
-------------------------------------------
No paths to report.


------------------------------------------
; Slow 1200mV 100C Model Removal Summary ;
------------------------------------------
No paths to report.


+----------------------------------------------------+
; Slow 1200mV 100C Model Minimum Pulse Width Summary ;
+-----------+--------+-------------------------------+
; Clock     ; Slack  ; End Point TNS                 ;
+-----------+--------+-------------------------------+
; clock     ; -3.000 ; -5.570                        ;
; Asynch_in ; -3.000 ; -4.285                        ;
+-----------+--------+-------------------------------+


+----------------------------------------------------------------------------------------------------------------+
; Slow 1200mV 100C Model Setup: 'clock'                                                                          ;
+--------+----------------+----------------+--------------+-------------+--------------+------------+------------+
; Slack  ; From Node      ; To Node        ; Launch Clock ; Latch Clock ; Relationship ; Clock Skew ; Data Delay ;
+--------+----------------+----------------+--------------+-------------+--------------+------------+------------+
; -1.593 ; Synch_out~reg0 ; q2             ; clock        ; clock       ; 1.000        ; -0.076     ; 2.515      ;
; -1.111 ; Asynch_in      ; q2             ; Asynch_in    ; clock       ; 0.500        ; 2.745      ; 4.344      ;
; -0.776 ; q1             ; q2             ; Asynch_in    ; clock       ; 1.000        ; 0.883      ; 2.647      ;
; -0.522 ; Asynch_in      ; q2             ; Asynch_in    ; clock       ; 1.000        ; 2.745      ; 4.255      ;
; 0.127  ; q2             ; Synch_out~reg0 ; clock        ; clock       ; 1.000        ; -0.076     ; 0.795      ;
+--------+----------------+----------------+--------------+-------------+--------------+------------+------------+


+---------------------------------------------------------------------------------------------------------+
; Slow 1200mV 100C Model Setup: 'Asynch_in'                                                               ;
+--------+----------------+---------+--------------+-------------+--------------+------------+------------+
; Slack  ; From Node      ; To Node ; Launch Clock ; Latch Clock ; Relationship ; Clock Skew ; Data Delay ;
+--------+----------------+---------+--------------+-------------+--------------+------------+------------+
; -0.909 ; Synch_out~reg0 ; q1      ; clock        ; Asynch_in   ; 1.000        ; -1.061     ; 0.836      ;
; 0.111  ; Asynch_in      ; q1      ; Asynch_in    ; Asynch_in   ; 0.500        ; 1.789      ; 2.196      ;
; 0.682  ; Asynch_in      ; q1      ; Asynch_in    ; Asynch_in   ; 1.000        ; 1.789      ; 2.125      ;
+--------+----------------+---------+--------------+-------------+--------------+------------+------------+


+---------------------------------------------------------------------------------------------------------+
; Slow 1200mV 100C Model Hold: 'Asynch_in'                                                                ;
+--------+----------------+---------+--------------+-------------+--------------+------------+------------+
; Slack  ; From Node      ; To Node ; Launch Clock ; Latch Clock ; Relationship ; Clock Skew ; Data Delay ;
+--------+----------------+---------+--------------+-------------+--------------+------------+------------+
; -0.018 ; Asynch_in      ; q1      ; Asynch_in    ; Asynch_in   ; 0.000        ; 1.862      ; 2.030      ;
; 0.536  ; Asynch_in      ; q1      ; Asynch_in    ; Asynch_in   ; -0.500       ; 1.862      ; 2.084      ;
; 1.387  ; Synch_out~reg0 ; q1      ; clock        ; Asynch_in   ; 0.000        ; -0.883     ; 0.720      ;
+--------+----------------+---------+--------------+-------------+--------------+------------+------------+


+---------------------------------------------------------------------------------------------------------------+
; Slow 1200mV 100C Model Hold: 'clock'                                                                          ;
+-------+----------------+----------------+--------------+-------------+--------------+------------+------------+
; Slack ; From Node      ; To Node        ; Launch Clock ; Latch Clock ; Relationship ; Clock Skew ; Data Delay ;
+-------+----------------+----------------+--------------+-------------+--------------+------------+------------+
; 0.436 ; q2             ; Synch_out~reg0 ; clock        ; clock       ; 0.000        ; 0.076      ; 0.698      ;
; 0.948 ; Asynch_in      ; q2             ; Asynch_in    ; clock       ; 0.000        ; 2.850      ; 4.014      ;
; 1.084 ; q1             ; q2             ; Asynch_in    ; clock       ; 0.000        ; 1.061      ; 2.361      ;
; 1.509 ; Asynch_in      ; q2             ; Asynch_in    ; clock       ; -0.500       ; 2.850      ; 4.075      ;
; 1.980 ; Synch_out~reg0 ; q2             ; clock        ; clock       ; 0.000        ; 0.076      ; 2.242      ;
+-------+----------------+----------------+--------------+-------------+--------------+------------+------------+


------------------------------------------------
; Slow 1200mV 100C Model Metastability Summary ;
------------------------------------------------
No synchronizer chains to report.


+------------------------------------------------------------------------------------------------------------+
; Slow 1200mV -40C Model Fmax Summary                                                                        ;
+-------------+-----------------+------------+---------------------------------------------------------------+
; Fmax        ; Restricted Fmax ; Clock Name ; Note                                                          ;
+-------------+-----------------+------------+---------------------------------------------------------------+
; 428.27 MHz  ; 250.0 MHz       ; clock      ; limit due to minimum period restriction (max I/O toggle rate) ;
; 2232.14 MHz ; 250.0 MHz       ; Asynch_in  ; limit due to minimum period restriction (max I/O toggle rate) ;
+-------------+-----------------+------------+---------------------------------------------------------------+
This panel reports FMAX for every clock in the design, regardless of the user-specified clock periods.  FMAX is only computed for paths where the source and destination registers or ports are driven by the same clock.  Paths of different clocks, including generated clocks, are ignored.  For paths between a clock and its inversion, FMAX is computed as if the rising and falling edges are scaled along with FMAX, such that the duty cycle (in terms of a percentage) is maintained. Altera recommends that you always use clock constraints and other slack reports for sign-off analysis.


+--------------------------------------+
; Slow 1200mV -40C Model Setup Summary ;
+-----------+--------+-----------------+
; Clock     ; Slack  ; End Point TNS   ;
+-----------+--------+-----------------+
; clock     ; -1.335 ; -1.335          ;
; Asynch_in ; -0.576 ; -0.576          ;
+-----------+--------+-----------------+


+-------------------------------------+
; Slow 1200mV -40C Model Hold Summary ;
+-----------+-------+-----------------+
; Clock     ; Slack ; End Point TNS   ;
+-----------+-------+-----------------+
; Asynch_in ; 0.004 ; 0.000           ;
; clock     ; 0.394 ; 0.000           ;
+-----------+-------+-----------------+


-------------------------------------------
; Slow 1200mV -40C Model Recovery Summary ;
-------------------------------------------
No paths to report.


------------------------------------------
; Slow 1200mV -40C Model Removal Summary ;
------------------------------------------
No paths to report.


+----------------------------------------------------+
; Slow 1200mV -40C Model Minimum Pulse Width Summary ;
+-----------+--------+-------------------------------+
; Clock     ; Slack  ; End Point TNS                 ;
+-----------+--------+-------------------------------+
; clock     ; -3.000 ; -5.570                        ;
; Asynch_in ; -3.000 ; -4.285                        ;
+-----------+--------+-------------------------------+


+----------------------------------------------------------------------------------------------------------------+
; Slow 1200mV -40C Model Setup: 'clock'                                                                          ;
+--------+----------------+----------------+--------------+-------------+--------------+------------+------------+
; Slack  ; From Node      ; To Node        ; Launch Clock ; Latch Clock ; Relationship ; Clock Skew ; Data Delay ;
+--------+----------------+----------------+--------------+-------------+--------------+------------+------------+
; -1.335 ; Synch_out~reg0 ; q2             ; clock        ; clock       ; 1.000        ; -0.065     ; 2.270      ;
; -0.827 ; Asynch_in      ; q2             ; Asynch_in    ; clock       ; 0.500        ; 2.387      ; 3.704      ;
; -0.647 ; q1             ; q2             ; Asynch_in    ; clock       ; 1.000        ; 0.684      ; 2.321      ;
; -0.548 ; Asynch_in      ; q2             ; Asynch_in    ; clock       ; 1.000        ; 2.387      ; 3.925      ;
; 0.251  ; q2             ; Synch_out~reg0 ; clock        ; clock       ; 1.000        ; -0.065     ; 0.684      ;
+--------+----------------+----------------+--------------+-------------+--------------+------------+------------+


+---------------------------------------------------------------------------------------------------------+
; Slow 1200mV -40C Model Setup: 'Asynch_in'                                                               ;
+--------+----------------+---------+--------------+-------------+--------------+------------+------------+
; Slack  ; From Node      ; To Node ; Launch Clock ; Latch Clock ; Relationship ; Clock Skew ; Data Delay ;
+--------+----------------+---------+--------------+-------------+--------------+------------+------------+
; -0.576 ; Synch_out~reg0 ; q1      ; clock        ; Asynch_in   ; 1.000        ; -0.838     ; 0.728      ;
; 0.276  ; Asynch_in      ; q1      ; Asynch_in    ; Asynch_in   ; 0.500        ; 1.638      ; 1.882      ;
; 0.692  ; Asynch_in      ; q1      ; Asynch_in    ; Asynch_in   ; 1.000        ; 1.638      ; 1.966      ;
+--------+----------------+---------+--------------+-------------+--------------+------------+------------+


+--------------------------------------------------------------------------------------------------------+
; Slow 1200mV -40C Model Hold: 'Asynch_in'                                                               ;
+-------+----------------+---------+--------------+-------------+--------------+------------+------------+
; Slack ; From Node      ; To Node ; Launch Clock ; Latch Clock ; Relationship ; Clock Skew ; Data Delay ;
+-------+----------------+---------+--------------+-------------+--------------+------------+------------+
; 0.004 ; Asynch_in      ; q1      ; Asynch_in    ; Asynch_in   ; 0.000        ; 1.703      ; 1.875      ;
; 0.419 ; Asynch_in      ; q1      ; Asynch_in    ; Asynch_in   ; -0.500       ; 1.703      ; 1.790      ;
; 1.120 ; Synch_out~reg0 ; q1      ; clock        ; Asynch_in   ; 0.000        ; -0.684     ; 0.634      ;
+-------+----------------+---------+--------------+-------------+--------------+------------+------------+


+---------------------------------------------------------------------------------------------------------------+
; Slow 1200mV -40C Model Hold: 'clock'                                                                          ;
+-------+----------------+----------------+--------------+-------------+--------------+------------+------------+
; Slack ; From Node      ; To Node        ; Launch Clock ; Latch Clock ; Relationship ; Clock Skew ; Data Delay ;
+-------+----------------+----------------+--------------+-------------+--------------+------------+------------+
; 0.394 ; q2             ; Synch_out~reg0 ; clock        ; clock       ; 0.000        ; 0.065      ; 0.627      ;
; 1.026 ; Asynch_in      ; q2             ; Asynch_in    ; clock       ; 0.000        ; 2.476      ; 3.700      ;
; 1.035 ; q1             ; q2             ; Asynch_in    ; clock       ; 0.000        ; 0.838      ; 2.071      ;
; 1.299 ; Asynch_in      ; q2             ; Asynch_in    ; clock       ; -0.500       ; 2.476      ; 3.473      ;
; 1.686 ; Synch_out~reg0 ; q2             ; clock        ; clock       ; 0.000        ; 0.065      ; 1.919      ;
+-------+----------------+----------------+--------------+-------------+--------------+------------+------------+


------------------------------------------------
; Slow 1200mV -40C Model Metastability Summary ;
------------------------------------------------
No synchronizer chains to report.


+--------------------------------------+
; Fast 1200mV -40C Model Setup Summary ;
+-----------+--------+-----------------+
; Clock     ; Slack  ; End Point TNS   ;
+-----------+--------+-----------------+
; clock     ; -0.588 ; -0.588          ;
; Asynch_in ; -0.029 ; -0.029          ;
+-----------+--------+-----------------+


+-------------------------------------+
; Fast 1200mV -40C Model Hold Summary ;
+-----------+--------+----------------+
; Clock     ; Slack  ; End Point TNS  ;
+-----------+--------+----------------+
; Asynch_in ; -0.043 ; -0.043         ;
; clock     ; 0.181  ; 0.000          ;
+-----------+--------+----------------+


-------------------------------------------
; Fast 1200mV -40C Model Recovery Summary ;
-------------------------------------------
No paths to report.


------------------------------------------
; Fast 1200mV -40C Model Removal Summary ;
------------------------------------------
No paths to report.


+----------------------------------------------------+
; Fast 1200mV -40C Model Minimum Pulse Width Summary ;
+-----------+--------+-------------------------------+
; Clock     ; Slack  ; End Point TNS                 ;
+-----------+--------+-------------------------------+
; clock     ; -3.000 ; -5.106                        ;
; Asynch_in ; -3.000 ; -4.063                        ;
+-----------+--------+-------------------------------+


+----------------------------------------------------------------------------------------------------------------+
; Fast 1200mV -40C Model Setup: 'clock'                                                                          ;
+--------+----------------+----------------+--------------+-------------+--------------+------------+------------+
; Slack  ; From Node      ; To Node        ; Launch Clock ; Latch Clock ; Relationship ; Clock Skew ; Data Delay ;
+--------+----------------+----------------+--------------+-------------+--------------+------------+------------+
; -0.588 ; Asynch_in      ; q2             ; Asynch_in    ; clock       ; 0.500        ; 1.352      ; 2.418      ;
; -0.230 ; Synch_out~reg0 ; q2             ; clock        ; clock       ; 1.000        ; -0.038     ; 1.180      ;
; 0.225  ; q1             ; q2             ; Asynch_in    ; clock       ; 1.000        ; 0.520      ; 1.273      ;
; 0.458  ; Asynch_in      ; q2             ; Asynch_in    ; clock       ; 1.000        ; 1.352      ; 1.872      ;
; 0.592  ; q2             ; Synch_out~reg0 ; clock        ; clock       ; 1.000        ; -0.038     ; 0.358      ;
+--------+----------------+----------------+--------------+-------------+--------------+------------+------------+


+---------------------------------------------------------------------------------------------------------+
; Fast 1200mV -40C Model Setup: 'Asynch_in'                                                               ;
+--------+----------------+---------+--------------+-------------+--------------+------------+------------+
; Slack  ; From Node      ; To Node ; Launch Clock ; Latch Clock ; Relationship ; Clock Skew ; Data Delay ;
+--------+----------------+---------+--------------+-------------+--------------+------------+------------+
; -0.029 ; Asynch_in      ; q1      ; Asynch_in    ; Asynch_in   ; 0.500        ; 0.798      ; 1.335      ;
; -0.001 ; Synch_out~reg0 ; q1      ; clock        ; Asynch_in   ; 1.000        ; -0.607     ; 0.372      ;
; 0.895  ; Asynch_in      ; q1      ; Asynch_in    ; Asynch_in   ; 1.000        ; 0.798      ; 0.911      ;
+--------+----------------+---------+--------------+-------------+--------------+------------+------------+


+---------------------------------------------------------------------------------------------------------+
; Fast 1200mV -40C Model Hold: 'Asynch_in'                                                                ;
+--------+----------------+---------+--------------+-------------+--------------+------------+------------+
; Slack  ; From Node      ; To Node ; Launch Clock ; Latch Clock ; Relationship ; Clock Skew ; Data Delay ;
+--------+----------------+---------+--------------+-------------+--------------+------------+------------+
; -0.043 ; Asynch_in      ; q1      ; Asynch_in    ; Asynch_in   ; 0.000        ; 0.832      ; 0.871      ;
; 0.728  ; Synch_out~reg0 ; q1      ; clock        ; Asynch_in   ; 0.000        ; -0.520     ; 0.320      ;
; 0.864  ; Asynch_in      ; q1      ; Asynch_in    ; Asynch_in   ; -0.500       ; 0.832      ; 1.278      ;
+--------+----------------+---------+--------------+-------------+--------------+------------+------------+


+---------------------------------------------------------------------------------------------------------------+
; Fast 1200mV -40C Model Hold: 'clock'                                                                          ;
+-------+----------------+----------------+--------------+-------------+--------------+------------+------------+
; Slack ; From Node      ; To Node        ; Launch Clock ; Latch Clock ; Relationship ; Clock Skew ; Data Delay ;
+-------+----------------+----------------+--------------+-------------+--------------+------------+------------+
; 0.181 ; q2             ; Synch_out~reg0 ; clock        ; clock       ; 0.000        ; 0.038      ; 0.301      ;
; 0.248 ; Asynch_in      ; q2             ; Asynch_in    ; clock       ; 0.000        ; 1.405      ; 1.765      ;
; 0.319 ; q1             ; q2             ; Asynch_in    ; clock       ; 0.000        ; 0.607      ; 1.038      ;
; 0.915 ; Synch_out~reg0 ; q2             ; clock        ; clock       ; 0.000        ; 0.038      ; 1.035      ;
; 1.273 ; Asynch_in      ; q2             ; Asynch_in    ; clock       ; -0.500       ; 1.405      ; 2.290      ;
+-------+----------------+----------------+--------------+-------------+--------------+------------+------------+


------------------------------------------------
; Fast 1200mV -40C Model Metastability Summary ;
------------------------------------------------
No synchronizer chains to report.


+-------------------------------------------------------------------------------+
; Multicorner Timing Analysis Summary                                           ;
+------------------+--------+--------+----------+---------+---------------------+
; Clock            ; Setup  ; Hold   ; Recovery ; Removal ; Minimum Pulse Width ;
+------------------+--------+--------+----------+---------+---------------------+
; Worst-case Slack ; -1.593 ; -0.043 ; N/A      ; N/A     ; -3.000              ;
;  Asynch_in       ; -0.909 ; -0.043 ; N/A      ; N/A     ; -3.000              ;
;  clock           ; -1.593 ; 0.181  ; N/A      ; N/A     ; -3.000              ;
; Design-wide TNS  ; -2.502 ; -0.043 ; 0.0      ; 0.0     ; -9.855              ;
;  Asynch_in       ; -0.909 ; -0.043 ; N/A      ; N/A     ; -4.285              ;
;  clock           ; -1.593 ; 0.000  ; N/A      ; N/A     ; -5.570              ;
+------------------+--------+--------+----------+---------+---------------------+


+------------------------------------------------------------------------------------------------------------------------------------------------------------------------------------------------------------------------------------------------------------------------------------------------------------------------------------------------------------------------------------------------------------------+
; Board Trace Model Assignments                                                                                                                                                                                                                                                                                                                                                                                    ;
+---------------+--------------+-------------------+-------------------------+-------------------------+---------------+---------------------+----------------+------------------+--------+------------------+------------------------+------------------------+--------------+---------------+-----------------+-------+---------------------+--------------------+---------------+-----------------+-------------+
; Pin           ; I/O Standard ; Near Tline Length ; Near Tline L per Length ; Near Tline C per Length ; Near Series R ; Near Differential R ; Near Pull-up R ; Near Pull-down R ; Near C ; Far Tline Length ; Far Tline L per Length ; Far Tline C per Length ; Far Series R ; Far Pull-up R ; Far Pull-down R ; Far C ; Termination Voltage ; Far Differential R ; EBD File Name ; EBD Signal Name ; EBD Far-end ;
+---------------+--------------+-------------------+-------------------------+-------------------------+---------------+---------------------+----------------+------------------+--------+------------------+------------------------+------------------------+--------------+---------------+-----------------+-------+---------------------+--------------------+---------------+-----------------+-------------+
; Synch_out     ; 2.5 V        ; 0 in              ; 0 H/in                  ; 0 F/in                  ; short         ; -                   ; open           ; open             ; open   ; 0 in             ; 0 H/in                 ; 0 F/in                 ; short        ; open          ; open            ; open  ; 0 V                 ; -                  ; n/a           ; n/a             ; n/a         ;
; ~ALTERA_DCLK~ ; 2.5 V        ; 0 in              ; 0 H/in                  ; 0 F/in                  ; short         ; -                   ; open           ; open             ; open   ; 0 in             ; 0 H/in                 ; 0 F/in                 ; short        ; open          ; open            ; open  ; 0 V                 ; -                  ; n/a           ; n/a             ; n/a         ;
; ~ALTERA_nCEO~ ; 2.5 V        ; 0 in              ; 0 H/in                  ; 0 F/in                  ; short         ; -                   ; open           ; open             ; open   ; 0 in             ; 0 H/in                 ; 0 F/in                 ; short        ; open          ; open            ; open  ; 0 V                 ; -                  ; n/a           ; n/a             ; n/a         ;
+---------------+--------------+-------------------+-------------------------+-------------------------+---------------+---------------------+----------------+------------------+--------+------------------+------------------------+------------------------+--------------+---------------+-----------------+-------+---------------------+--------------------+---------------+-----------------+-------------+


+----------------------------------------------------------------------------+
; Input Transition Times                                                     ;
+-------------------------+--------------+-----------------+-----------------+
; Pin                     ; I/O Standard ; 10-90 Rise Time ; 90-10 Fall Time ;
+-------------------------+--------------+-----------------+-----------------+
; reset                   ; 2.5 V        ; 2000 ps         ; 2000 ps         ;
; clock                   ; 2.5 V        ; 2000 ps         ; 2000 ps         ;
; Asynch_in               ; 2.5 V        ; 2000 ps         ; 2000 ps         ;
; ~ALTERA_ASDO_DATA1~     ; 2.5 V        ; 2000 ps         ; 2000 ps         ;
; ~ALTERA_FLASH_nCE_nCSO~ ; 2.5 V        ; 2000 ps         ; 2000 ps         ;
; ~ALTERA_DATA0~          ; 2.5 V        ; 2000 ps         ; 2000 ps         ;
+-------------------------+--------------+-----------------+-----------------+


+--------------------------------------------------------------------------------------------------------------------------------------------------------------------------------------------------------------------------------------------------------------------------------------------------------------------------------------------------------------------------------------------------------------------------------------------------------------------------------------------------------------------------------------------------------------------------------------------------------------------------------------------------------------------------------------------+
; Signal Integrity Metrics (Slow 1200mv n40c Model)                                                                                                                                                                                                                                                                                                                                                                                                                                                                                                                                                                                                                                          ;
+---------------+--------------+---------------------+---------------------+------------------------------+------------------------------+---------------------+---------------------+--------------------------------------+--------------------------------------+-----------------------------+-----------------------------+----------------------------+----------------------------+-----------------------------+-----------------------------+--------------------+--------------------+-------------------------------------+-------------------------------------+----------------------------+----------------------------+---------------------------+---------------------------+
; Pin           ; I/O Standard ; Board Delay on Rise ; Board Delay on Fall ; Steady State Voh at FPGA Pin ; Steady State Vol at FPGA Pin ; Voh Max at FPGA Pin ; Vol Min at FPGA Pin ; Ringback Voltage on Rise at FPGA Pin ; Ringback Voltage on Fall at FPGA Pin ; 10-90 Rise Time at FPGA Pin ; 90-10 Fall Time at FPGA Pin ; Monotonic Rise at FPGA Pin ; Monotonic Fall at FPGA Pin ; Steady State Voh at Far-end ; Steady State Vol at Far-end ; Voh Max at Far-end ; Vol Min at Far-end ; Ringback Voltage on Rise at Far-end ; Ringback Voltage on Fall at Far-end ; 10-90 Rise Time at Far-end ; 90-10 Fall Time at Far-end ; Monotonic Rise at Far-end ; Monotonic Fall at Far-end ;
+---------------+--------------+---------------------+---------------------+------------------------------+------------------------------+---------------------+---------------------+--------------------------------------+--------------------------------------+-----------------------------+-----------------------------+----------------------------+----------------------------+-----------------------------+-----------------------------+--------------------+--------------------+-------------------------------------+-------------------------------------+----------------------------+----------------------------+---------------------------+---------------------------+
; Synch_out     ; 2.5 V        ; 0 s                 ; 0 s                 ; 2.32 V                       ; 1.4e-09 V                    ; 2.39 V              ; -0.0122 V           ; 0.154 V                              ; 0.017 V                              ; 4.74e-10 s                  ; 4.5e-10 s                   ; No                         ; Yes                        ; 2.32 V                      ; 1.4e-09 V                   ; 2.39 V             ; -0.0122 V          ; 0.154 V                             ; 0.017 V                             ; 4.74e-10 s                 ; 4.5e-10 s                  ; No                        ; Yes                       ;
; ~ALTERA_DCLK~ ; 2.5 V        ; 0 s                 ; 0 s                 ; 2.32 V                       ; 1.16e-09 V                   ; 2.39 V              ; -0.0798 V           ; 0.13 V                               ; 0.103 V                              ; 2.71e-10 s                  ; 2.5e-10 s                   ; Yes                        ; Yes                        ; 2.32 V                      ; 1.16e-09 V                  ; 2.39 V             ; -0.0798 V          ; 0.13 V                              ; 0.103 V                             ; 2.71e-10 s                 ; 2.5e-10 s                  ; Yes                       ; Yes                       ;
; ~ALTERA_nCEO~ ; 2.5 V        ; 0 s                 ; 0 s                 ; 2.32 V                       ; 1.64e-09 V                   ; 2.39 V              ; -0.00331 V          ; 0.132 V                              ; 0.006 V                              ; 4.59e-10 s                  ; 5.62e-10 s                  ; No                         ; Yes                        ; 2.32 V                      ; 1.64e-09 V                  ; 2.39 V             ; -0.00331 V         ; 0.132 V                             ; 0.006 V                             ; 4.59e-10 s                 ; 5.62e-10 s                 ; No                        ; Yes                       ;
+---------------+--------------+---------------------+---------------------+------------------------------+------------------------------+---------------------+---------------------+--------------------------------------+--------------------------------------+-----------------------------+-----------------------------+----------------------------+----------------------------+-----------------------------+-----------------------------+--------------------+--------------------+-------------------------------------+-------------------------------------+----------------------------+----------------------------+---------------------------+---------------------------+


+--------------------------------------------------------------------------------------------------------------------------------------------------------------------------------------------------------------------------------------------------------------------------------------------------------------------------------------------------------------------------------------------------------------------------------------------------------------------------------------------------------------------------------------------------------------------------------------------------------------------------------------------------------------------------------------------+
; Signal Integrity Metrics (Slow 1200mv 100c Model)                                                                                                                                                                                                                                                                                                                                                                                                                                                                                                                                                                                                                                          ;
+---------------+--------------+---------------------+---------------------+------------------------------+------------------------------+---------------------+---------------------+--------------------------------------+--------------------------------------+-----------------------------+-----------------------------+----------------------------+----------------------------+-----------------------------+-----------------------------+--------------------+--------------------+-------------------------------------+-------------------------------------+----------------------------+----------------------------+---------------------------+---------------------------+
; Pin           ; I/O Standard ; Board Delay on Rise ; Board Delay on Fall ; Steady State Voh at FPGA Pin ; Steady State Vol at FPGA Pin ; Voh Max at FPGA Pin ; Vol Min at FPGA Pin ; Ringback Voltage on Rise at FPGA Pin ; Ringback Voltage on Fall at FPGA Pin ; 10-90 Rise Time at FPGA Pin ; 90-10 Fall Time at FPGA Pin ; Monotonic Rise at FPGA Pin ; Monotonic Fall at FPGA Pin ; Steady State Voh at Far-end ; Steady State Vol at Far-end ; Voh Max at Far-end ; Vol Min at Far-end ; Ringback Voltage on Rise at Far-end ; Ringback Voltage on Fall at Far-end ; 10-90 Rise Time at Far-end ; 90-10 Fall Time at Far-end ; Monotonic Rise at Far-end ; Monotonic Fall at Far-end ;
+---------------+--------------+---------------------+---------------------+------------------------------+------------------------------+---------------------+---------------------+--------------------------------------+--------------------------------------+-----------------------------+-----------------------------+----------------------------+----------------------------+-----------------------------+-----------------------------+--------------------+--------------------+-------------------------------------+-------------------------------------+----------------------------+----------------------------+---------------------------+---------------------------+
; Synch_out     ; 2.5 V        ; 0 s                 ; 0 s                 ; 2.32 V                       ; 9.69e-07 V                   ; 2.35 V              ; -0.00962 V          ; 0.125 V                              ; 0.041 V                              ; 6.76e-10 s                  ; 6.43e-10 s                  ; Yes                        ; Yes                        ; 2.32 V                      ; 9.69e-07 V                  ; 2.35 V             ; -0.00962 V         ; 0.125 V                             ; 0.041 V                             ; 6.76e-10 s                 ; 6.43e-10 s                 ; Yes                       ; Yes                       ;
; ~ALTERA_DCLK~ ; 2.5 V        ; 0 s                 ; 0 s                 ; 2.32 V                       ; 7.77e-07 V                   ; 2.35 V              ; -0.00801 V          ; 0.087 V                              ; 0.01 V                               ; 4.39e-10 s                  ; 3.77e-10 s                  ; Yes                        ; Yes                        ; 2.32 V                      ; 7.77e-07 V                  ; 2.35 V             ; -0.00801 V         ; 0.087 V                             ; 0.01 V                              ; 4.39e-10 s                 ; 3.77e-10 s                 ; Yes                       ; Yes                       ;
; ~ALTERA_nCEO~ ; 2.5 V        ; 0 s                 ; 0 s                 ; 2.32 V                       ; 1.28e-06 V                   ; 2.34 V              ; -0.00738 V          ; 0.097 V                              ; 0.024 V                              ; 6.41e-10 s                  ; 8.13e-10 s                  ; Yes                        ; Yes                        ; 2.32 V                      ; 1.28e-06 V                  ; 2.34 V             ; -0.00738 V         ; 0.097 V                             ; 0.024 V                             ; 6.41e-10 s                 ; 8.13e-10 s                 ; Yes                       ; Yes                       ;
+---------------+--------------+---------------------+---------------------+------------------------------+------------------------------+---------------------+---------------------+--------------------------------------+--------------------------------------+-----------------------------+-----------------------------+----------------------------+----------------------------+-----------------------------+-----------------------------+--------------------+--------------------+-------------------------------------+-------------------------------------+----------------------------+----------------------------+---------------------------+---------------------------+


+--------------------------------------------------------------------------------------------------------------------------------------------------------------------------------------------------------------------------------------------------------------------------------------------------------------------------------------------------------------------------------------------------------------------------------------------------------------------------------------------------------------------------------------------------------------------------------------------------------------------------------------------------------------------------------------------+
; Signal Integrity Metrics (Fast 1200mv n40c Model)                                                                                                                                                                                                                                                                                                                                                                                                                                                                                                                                                                                                                                          ;
+---------------+--------------+---------------------+---------------------+------------------------------+------------------------------+---------------------+---------------------+--------------------------------------+--------------------------------------+-----------------------------+-----------------------------+----------------------------+----------------------------+-----------------------------+-----------------------------+--------------------+--------------------+-------------------------------------+-------------------------------------+----------------------------+----------------------------+---------------------------+---------------------------+
; Pin           ; I/O Standard ; Board Delay on Rise ; Board Delay on Fall ; Steady State Voh at FPGA Pin ; Steady State Vol at FPGA Pin ; Voh Max at FPGA Pin ; Vol Min at FPGA Pin ; Ringback Voltage on Rise at FPGA Pin ; Ringback Voltage on Fall at FPGA Pin ; 10-90 Rise Time at FPGA Pin ; 90-10 Fall Time at FPGA Pin ; Monotonic Rise at FPGA Pin ; Monotonic Fall at FPGA Pin ; Steady State Voh at Far-end ; Steady State Vol at Far-end ; Voh Max at Far-end ; Vol Min at Far-end ; Ringback Voltage on Rise at Far-end ; Ringback Voltage on Fall at Far-end ; 10-90 Rise Time at Far-end ; 90-10 Fall Time at Far-end ; Monotonic Rise at Far-end ; Monotonic Fall at Far-end ;
+---------------+--------------+---------------------+---------------------+------------------------------+------------------------------+---------------------+---------------------+--------------------------------------+--------------------------------------+-----------------------------+-----------------------------+----------------------------+----------------------------+-----------------------------+-----------------------------+--------------------+--------------------+-------------------------------------+-------------------------------------+----------------------------+----------------------------+---------------------------+---------------------------+
; Synch_out     ; 2.5 V        ; 0 s                 ; 0 s                 ; 2.62 V                       ; 2.24e-09 V                   ; 2.74 V              ; -0.0529 V           ; 0.285 V                              ; 0.071 V                              ; 2.99e-10 s                  ; 3.3e-10 s                   ; No                         ; Yes                        ; 2.62 V                      ; 2.24e-09 V                  ; 2.74 V             ; -0.0529 V          ; 0.285 V                             ; 0.071 V                             ; 2.99e-10 s                 ; 3.3e-10 s                  ; No                        ; Yes                       ;
; ~ALTERA_DCLK~ ; 2.5 V        ; 0 s                 ; 0 s                 ; 2.62 V                       ; 1.87e-09 V                   ; 2.79 V              ; -0.0524 V           ; 0.19 V                               ; 0.066 V                              ; 2.63e-10 s                  ; 1.96e-10 s                  ; No                         ; Yes                        ; 2.62 V                      ; 1.87e-09 V                  ; 2.79 V             ; -0.0524 V          ; 0.19 V                              ; 0.066 V                             ; 2.63e-10 s                 ; 1.96e-10 s                 ; No                        ; Yes                       ;
; ~ALTERA_nCEO~ ; 2.5 V        ; 0 s                 ; 0 s                 ; 2.62 V                       ; 2.91e-09 V                   ; 2.73 V              ; -0.0159 V           ; 0.231 V                              ; 0.026 V                              ; 2.89e-10 s                  ; 4.54e-10 s                  ; Yes                        ; Yes                        ; 2.62 V                      ; 2.91e-09 V                  ; 2.73 V             ; -0.0159 V          ; 0.231 V                             ; 0.026 V                             ; 2.89e-10 s                 ; 4.54e-10 s                 ; Yes                       ; Yes                       ;
+---------------+--------------+---------------------+---------------------+------------------------------+------------------------------+---------------------+---------------------+--------------------------------------+--------------------------------------+-----------------------------+-----------------------------+----------------------------+----------------------------+-----------------------------+-----------------------------+--------------------+--------------------+-------------------------------------+-------------------------------------+----------------------------+----------------------------+---------------------------+---------------------------+


+--------------------------------------------------------------------+
; Setup Transfers                                                    ;
+------------+-----------+----------+----------+----------+----------+
; From Clock ; To Clock  ; RR Paths ; FR Paths ; RF Paths ; FF Paths ;
+------------+-----------+----------+----------+----------+----------+
; Asynch_in  ; Asynch_in ; 1        ; 1        ; 0        ; 0        ;
; clock      ; Asynch_in ; 1        ; 0        ; 0        ; 0        ;
; Asynch_in  ; clock     ; 2        ; 1        ; 0        ; 0        ;
; clock      ; clock     ; 2        ; 0        ; 0        ; 0        ;
+------------+-----------+----------+----------+----------+----------+
Entries labeled "false path" only account for clock-to-clock false paths and not path-based false paths. As a result, actual path counts may be lower than reported.


+--------------------------------------------------------------------+
; Hold Transfers                                                     ;
+------------+-----------+----------+----------+----------+----------+
; From Clock ; To Clock  ; RR Paths ; FR Paths ; RF Paths ; FF Paths ;
+------------+-----------+----------+----------+----------+----------+
; Asynch_in  ; Asynch_in ; 1        ; 1        ; 0        ; 0        ;
; clock      ; Asynch_in ; 1        ; 0        ; 0        ; 0        ;
; Asynch_in  ; clock     ; 2        ; 1        ; 0        ; 0        ;
; clock      ; clock     ; 2        ; 0        ; 0        ; 0        ;
+------------+-----------+----------+----------+----------+----------+
Entries labeled "false path" only account for clock-to-clock false paths and not path-based false paths. As a result, actual path counts may be lower than reported.


---------------
; Report TCCS ;
---------------
No dedicated SERDES Transmitter circuitry present in device or used in design


---------------
; Report RSKM ;
---------------
No non-DPA dedicated SERDES Receiver circuitry present in device or used in design


+------------------------------------------------+
; Unconstrained Paths Summary                    ;
+---------------------------------+-------+------+
; Property                        ; Setup ; Hold ;
+---------------------------------+-------+------+
; Illegal Clocks                  ; 0     ; 0    ;
; Unconstrained Clocks            ; 0     ; 0    ;
; Unconstrained Input Ports       ; 1     ; 1    ;
; Unconstrained Input Port Paths  ; 3     ; 3    ;
; Unconstrained Output Ports      ; 1     ; 1    ;
; Unconstrained Output Port Paths ; 1     ; 1    ;
+---------------------------------+-------+------+


+--------------------------------------------+
; Clock Status Summary                       ;
+-----------+-----------+------+-------------+
; Target    ; Clock     ; Type ; Status      ;
+-----------+-----------+------+-------------+
; Asynch_in ; Asynch_in ; Base ; Constrained ;
; clock     ; clock     ; Base ; Constrained ;
+-----------+-----------+------+-------------+


+---------------------------------------------------------------------------------------------------+
; Unconstrained Input Ports                                                                         ;
+------------+--------------------------------------------------------------------------------------+
; Input Port ; Comment                                                                              ;
+------------+--------------------------------------------------------------------------------------+
; reset      ; No input delay, min/max delays, false-path exceptions, or max skew assignments found ;
+------------+--------------------------------------------------------------------------------------+


+-----------------------------------------------------------------------------------------------------+
; Unconstrained Output Ports                                                                          ;
+-------------+---------------------------------------------------------------------------------------+
; Output Port ; Comment                                                                               ;
+-------------+---------------------------------------------------------------------------------------+
; Synch_out   ; No output delay, min/max delays, false-path exceptions, or max skew assignments found ;
+-------------+---------------------------------------------------------------------------------------+


+---------------------------------------------------------------------------------------------------+
; Unconstrained Input Ports                                                                         ;
+------------+--------------------------------------------------------------------------------------+
; Input Port ; Comment                                                                              ;
+------------+--------------------------------------------------------------------------------------+
; reset      ; No input delay, min/max delays, false-path exceptions, or max skew assignments found ;
+------------+--------------------------------------------------------------------------------------+


+-----------------------------------------------------------------------------------------------------+
; Unconstrained Output Ports                                                                          ;
+-------------+---------------------------------------------------------------------------------------+
; Output Port ; Comment                                                                               ;
+-------------+---------------------------------------------------------------------------------------+
; Synch_out   ; No output delay, min/max delays, false-path exceptions, or max skew assignments found ;
+-------------+---------------------------------------------------------------------------------------+


+------------------------------------+
; TimeQuest Timing Analyzer Messages ;
+------------------------------------+
Info: *******************************************************************
Info: Running Quartus Prime TimeQuest Timing Analyzer
    Info: Version 17.1.0 Build 590 10/25/2017 SJ Standard Edition
    Info: Processing started: Tue Mar 26 10:57:44 2019
Info: Command: quartus_sta HomeWorkThree -c HomeWorkThree
Info: qsta_default_script.tcl version: #3
Warning (18236): Number of processors has not been specified which may cause overloading on shared machines.  Set the global assignment NUM_PARALLEL_PROCESSORS in your QSF to an appropriate value for best performance.
Info (20030): Parallel compilation is enabled and will use 4 of the 4 processors detected
Info (21077): Low junction temperature is -40 degrees C
Info (21077): High junction temperature is 100 degrees C
Critical Warning (332012): Synopsys Design Constraints File file not found: 'HomeWorkThree.sdc'. A Synopsys Design Constraints File is required by the TimeQuest Timing Analyzer to get proper timing constraints. Without it, the Compiler will not properly optimize the design.
Info (332142): No user constrained base clocks found in the design. Calling "derive_clocks -period 1.0"
Info (332105): Deriving Clocks
    Info (332105): create_clock -period 1.000 -name clock clock
    Info (332105): create_clock -period 1.000 -name Asynch_in Asynch_in
Info (332143): No user constrained clock uncertainty found in the design. Calling "derive_clock_uncertainty"
Info (332123): Deriving Clock Uncertainty. Please refer to report_sdc in TimeQuest to see clock uncertainties.
Info: Found TIMEQUEST_REPORT_SCRIPT_INCLUDE_DEFAULT_ANALYSIS = ON
Info: Analyzing Slow 1200mV 100C Model
Critical Warning (332148): Timing requirements not met
    Info (11105): For recommendations on closing timing, run Report Timing Closure Recommendations in the TimeQuest Timing Analyzer.
Info (332146): Worst-case setup slack is -1.593
    Info (332119):     Slack       End Point TNS Clock 
    Info (332119): ========= =================== =====================
    Info (332119):    -1.593              -1.593 clock 
    Info (332119):    -0.909              -0.909 Asynch_in 
Info (332146): Worst-case hold slack is -0.018
    Info (332119):     Slack       End Point TNS Clock 
    Info (332119): ========= =================== =====================
    Info (332119):    -0.018              -0.018 Asynch_in 
    Info (332119):     0.436               0.000 clock 
Info (332140): No Recovery paths to report
Info (332140): No Removal paths to report
Info (332146): Worst-case minimum pulse width slack is -3.000
    Info (332119):     Slack       End Point TNS Clock 
    Info (332119): ========= =================== =====================
    Info (332119):    -3.000              -5.570 clock 
    Info (332119):    -3.000              -4.285 Asynch_in 
Info: Analyzing Slow 1200mV -40C Model
Info (334003): Started post-fitting delay annotation
Info (334004): Delay annotation completed successfully
Info (332123): Deriving Clock Uncertainty. Please refer to report_sdc in TimeQuest to see clock uncertainties.
Critical Warning (332148): Timing requirements not met
    Info (11105): For recommendations on closing timing, run Report Timing Closure Recommendations in the TimeQuest Timing Analyzer.
Info (332146): Worst-case setup slack is -1.335
    Info (332119):     Slack       End Point TNS Clock 
    Info (332119): ========= =================== =====================
    Info (332119):    -1.335              -1.335 clock 
    Info (332119):    -0.576              -0.576 Asynch_in 
Info (332146): Worst-case hold slack is 0.004
    Info (332119):     Slack       End Point TNS Clock 
    Info (332119): ========= =================== =====================
    Info (332119):     0.004               0.000 Asynch_in 
    Info (332119):     0.394               0.000 clock 
Info (332140): No Recovery paths to report
Info (332140): No Removal paths to report
Info (332146): Worst-case minimum pulse width slack is -3.000
    Info (332119):     Slack       End Point TNS Clock 
    Info (332119): ========= =================== =====================
    Info (332119):    -3.000              -5.570 clock 
    Info (332119):    -3.000              -4.285 Asynch_in 
Info: Analyzing Fast 1200mV -40C Model
Info (332123): Deriving Clock Uncertainty. Please refer to report_sdc in TimeQuest to see clock uncertainties.
Critical Warning (332148): Timing requirements not met
    Info (11105): For recommendations on closing timing, run Report Timing Closure Recommendations in the TimeQuest Timing Analyzer.
Info (332146): Worst-case setup slack is -0.588
    Info (332119):     Slack       End Point TNS Clock 
    Info (332119): ========= =================== =====================
    Info (332119):    -0.588              -0.588 clock 
    Info (332119):    -0.029              -0.029 Asynch_in 
Info (332146): Worst-case hold slack is -0.043
    Info (332119):     Slack       End Point TNS Clock 
    Info (332119): ========= =================== =====================
    Info (332119):    -0.043              -0.043 Asynch_in 
    Info (332119):     0.181               0.000 clock 
Info (332140): No Recovery paths to report
Info (332140): No Removal paths to report
Info (332146): Worst-case minimum pulse width slack is -3.000
    Info (332119):     Slack       End Point TNS Clock 
    Info (332119): ========= =================== =====================
    Info (332119):    -3.000              -5.106 clock 
    Info (332119):    -3.000              -4.063 Asynch_in 
Info (332102): Design is not fully constrained for setup requirements
Info (332102): Design is not fully constrained for hold requirements
Info: Quartus Prime TimeQuest Timing Analyzer was successful. 0 errors, 5 warnings
    Info: Peak virtual memory: 4806 megabytes
    Info: Processing ended: Tue Mar 26 10:57:46 2019
    Info: Elapsed time: 00:00:02
    Info: Total CPU time (on all processors): 00:00:02


